// Jest Snapshot v1, https://goo.gl/fbAQLP

exports[`bill-list bill-list snapshot 1`] = `
<tbody
  class="ant-table-tbody"
>
  <tr
    class="ant-table-row ant-table-row-level-0"
    data-row-key="1561910400000-0-8s0p77c323-5400"
  >
    <td
      class="ant-table-cell"
    >
      2019-07-01 00:00:00
    </td>
    <td
      class="ant-table-cell"
    >
      支出
    </td>
    <td
      class="ant-table-cell"
    >
      房贷
    </td>
    <td
      class="ant-table-cell"
    >
      5400
    </td>
  </tr>
  <tr
    class="ant-table-row ant-table-row-level-0"
    data-row-key="1561910400000-0-0fnhbcle6hg-1500"
  >
    <td
      class="ant-table-cell"
    >
      2019-07-01 00:00:00
    </td>
    <td
      class="ant-table-cell"
    >
      支出
    </td>
    <td
      class="ant-table-cell"
    />
    <td
      class="ant-table-cell"
    >
      1500
    </td>
  </tr>
  <tr
    class="ant-table-row ant-table-row-level-0"
    data-row-key="1563897600000-0-3tqndrjqgrg-3900"
  >
    <td
      class="ant-table-cell"
    >
      2019-07-24 00:00:00
    </td>
    <td
      class="ant-table-cell"
    >
      支出
    </td>
    <td
      class="ant-table-cell"
    />
    <td
      class="ant-table-cell"
    >
      3900
    </td>
  </tr>
  <tr
    class="ant-table-row ant-table-row-level-0"
    data-row-key="1564502400000-0-bsn20th0k2o-1900"
  >
    <td
      class="ant-table-cell"
    >
      2019-07-31 00:00:00
    </td>
    <td
      class="ant-table-cell"
    >
      支出
    </td>
    <td
      class="ant-table-cell"
    />
    <td
      class="ant-table-cell"
    >
      1900
    </td>
  </tr>
</tbody>
`;
